Copyright 1986-2022 Xilinx, Inc. All Rights Reserved.
------------------------------------------------------------------------------------
| Tool Version : Vivado v.2022.2 (win64) Build 3671981 Fri Oct 14 05:00:03 MDT 2022
| Date         : Tue Mar 14 20:01:16 2023
| Host         : LAPTOP-OCTC4G9E running 64-bit major release  (build 9200)
| Command      : report_incremental_reuse -file top_incremental_reuse_routed.rpt
| Design       : top
| Device       : xc7a100ti
| Design State : Routed
------------------------------------------------------------------------------------

Incremental Implementation Information

Table of Contents
-----------------
1. Incremental Flow Summary
2. Reuse Summary
3. Reference Checkpoint Information
4. Optimization Comparison With Reference Run
4.1 iphys_opt_replay Optimizations
4.2 QoR Suggestion Optimizations
5. Non Reuse Information

1. Incremental Flow Summary
---------------------------

+-----------------------+------------------+
|    Flow Information   |       Value      |
+-----------------------+------------------+
| Synthesis Flow        |          Default |
| Auto Incremental      |               No |
| Incremental Directive | RuntimeOptimized |
| Reuse mode            |              Low |
| Target WNS            |              N/A |
| QoR Suggestions       |                0 |
+-----------------------+------------------+


2. Reuse Summary
----------------

+-------+------------------------------+------------------------------------+----------------------------+--------------------+-------+
|  Type | Matched % (of Initial Total) | Initial Reuse % (of Initial Total) | Current Reuse % (of Total) | Fixed % (of Total) | Total |
+-------+------------------------------+------------------------------------+----------------------------+--------------------+-------+
| Cells |                       100.00 |                               0.00 |                       0.00 |             100.00 |     4 |
| Nets  |                       100.00 |                               0.00 |                       0.00 |               0.00 |     0 |
| Pins  |                            - |                               0.00 |                       0.00 |                  - |     0 |
| Ports |                       100.00 |                               0.00 |                       0.00 |               0.00 |     4 |
+-------+------------------------------+------------------------------------+----------------------------+--------------------+-------+


3. Reference Checkpoint Information
-----------------------------------

+----------------+------------------------------------------------------------------------+
| DCP Location:  | D:/fpga/simonsays2.0/simonsays2.0.srcs/utils_1/imports/synth_1/top.dcp |
+----------------+------------------------------------------------------------------------+


+--------------------------------+----------------------------+
|         DCP Information        |            Value           |
+--------------------------------+----------------------------+
| Vivado Version                 |                     2022.2 |
| DCP State                      |                    Unknown |
| Recorded WNS                   |                        N/A |
| Recorded WHS                   |                        N/A |
| Reference Speed File Version   | PRODUCTION 1.23 2018-06-13 |
| Incremental Speed File Version | PRODUCTION 1.23 2018-06-13 |
+--------------------------------+----------------------------+
* Recorded WNS/WHS timing numbers are estimated timing numbers. They may vary slightly from sign-off timing numbers.


4. Optimization Comparison With Reference Run
---------------------------------------------

4.1 iphys_opt_replay Optimizations
----------------------------------

+-------------------------+--------+------------+
| iphys_opt_design replay | Reused | Not Reused |
+-------------------------+--------+------------+


4.2 QoR Suggestion Optimizations
--------------------------------

+-----------------+-------+
| QoR Suggestions | Value |
+-----------------+-------+


5. Non Reuse Information
------------------------

+------------------+--------+
|       Type       |    %   |
+------------------+--------+
| Non-Reused Cells | 100.00 |
|   New            | 100.00 |
| Non-Reused Ports | 100.00 |
+------------------+--------+


